C51 COMPILER V9.54   MAIN                                                                  01/11/2024 14:52:04 PAGE 1   


C51 COMPILER V9.54, COMPILATION OF MODULE MAIN
OBJECT MODULE PLACED IN .\Objects\main.obj
COMPILER INVOKED BY: D:\keil\C51\BIN\C51.EXE main.c OPTIMIZE(8,SPEED) BROWSE DEBUG OBJECTEXTEND PRINT(.\Listings\main.ls
                    -t) OBJECT(.\Objects\main.obj)

line level    source

   1          /*#include <reg51.h>
   2          #include <stdio.h>
   3          
   4          #define uchar unsigned char                                     
   5          #define uint unsigned int
   6                  
   7          uchar dis[10]=//共阳极数码管字符0-9
   8          {0xc0,0xf9,0xa4,0xb0,0x99,0x92,0x82,0xf8,0x80,0x90};
   9          uchar temp = 0;
  10          uchar flag = 0;
  11          uint i;
  12          
  13          void delay(i)//延时函数
  14          {       
  15                  uchar t;
  16                  while (i--)     
  17                          for(t=0;t<120;t++);     
  18          }
  19          
  20          void main(void)
  21           { 
  22                   TMOD = 0x20;//设置定时器T1为方式2
  23                   TH1 = 0xfd;//波特率9600
  24                   TL1 = 0xfd;
  25                   SCON = 0x50;//设置串口为方式1接收，REN=1
  26                   PCON = 0x00;//SMOD = 0
  27                   TR1 = 1;//启动T1
  28                   EA = 1;//总中断允许位
  29                   ES = 1;//打开接收中断
  30                   
  31                   P3=0xff;//解锁
  32                   P2=0x01;//开启WX0
  33                   P3=0x7f;//锁存
  34                   P2=0xff;
  35                   
  36                   while (1)
  37                  { 
  38                          ;               
  39                  }
  40           }
  41           
  42          void int1() interrupt 4
  43          {
  44                  if(RI)
  45                  {
  46                          temp = SBUF;
  47                          RI = 0; //清除接收中断标志位
  48                          flag = 1;
  49                          while(RI == 0)
  50                          {
  51                                  P2 = dis[temp];
  52                                  if(flag==1)
  53                                  {
  54                                          //发送接收到字符
C51 COMPILER V9.54   MAIN                                                                  01/11/2024 14:52:04 PAGE 2   

  55                                          SBUF=temp;
  56                                          while(!TI);
  57                                          TI=0;
  58                                          flag=0;
  59                                  }
  60                                  delay(10);
  61                          }                       
  62                  }
  63          }*/
  64          
  65          #include <reg52.h>
  66          #define uint unsigned int
  67          #define uchar unsigned char
  68          uint num;
  69          /*uchar code DSY_CODE[]=//显示数组（共阴）
  70          {
  71               0x3f,0x06,0x5b,0x4f,0x66,0x6d,0x7d,0x07,0x7f,0x6f
  72          };*/
  73          
  74          uchar dis[10]=//共阳极数码管字符0-9
  75          {0xc0,0xf9,0xa4,0xb0,0x99,0x92,0x82,0xf8,0x80,0x90};
  76          
  77          void Delay(uint x)//延时
  78          {
  79   1           uchar i,j;
  80   1          for(i=x;i>0;i--)
  81   1               for(j=110;j>0;j--);
  82   1      }
  83          
  84          void main()
  85          {
  86   1           P2 = 0x00; //初始化
  87   1          SCON = 0x50;//串口方式1
  88   1          TMOD = 0x20;//定时器工作方式2
  89   1          PCON = 0x00;//波特率正常
  90   1          TH1  = 0xfd;//T1定时器装初值
  91   1          TL1  = 0xfd;
  92   1          TR1 = 1;//启动T1定时器 
  93   1          EA=1;//开总中断
  94   1          ES=1;//开启串口中断
  95   1              
  96   1              P3=0xff;//解锁
  97   1               P2=0x01;//开启WX0
  98   1               P3=0x7f;//锁存
  99   1               P2=0xff;
 100   1      
 101   1      
 102   1          while(1)
 103   1          {
 104   2      
 105   2          }
 106   1      }
 107          
 108          void Serial_INT() interrupt 4//中断显示
 109          {
 110   1           if(RI)
 111   1          {
 112   2               RI = 0;
 113   2              num=SBUF+1;
 114   2              if(num>=0&&num<=9)
 115   2              {
 116   3                  P2 = dis[num];//显示
C51 COMPILER V9.54   MAIN                                                                  01/11/2024 14:52:04 PAGE 3   

 117   3                  Delay(60);
 118   3                  //P2 = 0x00;
 119   3              }
 120   2              else
 121   2                  P2 = 0x00;//不显示
 122   2          }
 123   1      }


MODULE INFORMATION:   STATIC OVERLAYABLE
   CODE SIZE        =    127    ----
   CONSTANT SIZE    =   ----    ----
   XDATA SIZE       =   ----    ----
   PDATA SIZE       =   ----    ----
   DATA SIZE        =     12    ----
   IDATA SIZE       =   ----    ----
   BIT SIZE         =   ----    ----
END OF MODULE INFORMATION.


C51 COMPILATION COMPLETE.  0 WARNING(S),  0 ERROR(S)
